// Jest Snapshot v1, https://goo.gl/fbAQLP

exports[`<Container /> render correctly 1`] = `
<div
  className="jsx-1157840685"
  style={
    Object {
      "maxWidth": 1200,
    }
  }
>
  Some content
</div>
`;
