// Jest Snapshot v1, https://goo.gl/fbAQLP

exports[`<Warning /> renders correctly 1`] = `
<div
  className="jsx-3381709700 container"
>
  <span
    className="jsx-3381709700 icon"
  >
    <svg
      fill="currentColor"
      height="1em"
      preserveAspectRatio="xMidYMid meet"
      style={
        Object {
          "color": undefined,
          "verticalAlign": "middle",
        }
      }
      viewBox="0 0 40 40"
      width="1em"
    >
      <g>
        <path
          d="m22.9 30.7v-4.2q0-0.4-0.3-0.6t-0.5-0.2h-4.2q-0.3 0-0.5 0.2t-0.3 0.6v4.2q0 0.3 0.3 0.5t0.5 0.2h4.2q0.3 0 0.5-0.2t0.3-0.5z m-0.1-8.4l0.4-10.2q0-0.3-0.2-0.4-0.3-0.3-0.5-0.3h-5q-0.2 0-0.5 0.3-0.2 0.1-0.2 0.4l0.4 10.2q0 0.3 0.2 0.4t0.5 0.2h4.2q0.3 0 0.5-0.2t0.2-0.4z m-0.3-20.8l17.1 31.4q0.8 1.4 0 2.8-0.4 0.7-1 1.1t-1.5 0.3h-34.2q-0.8 0-1.5-0.3t-1-1.1q-0.8-1.4 0-2.8l17.1-31.4q0.4-0.7 1.1-1.1t1.4-0.4 1.4 0.4 1.1 1.1z"
        />
      </g>
    </svg>
  </span>
  <div
    className="jsx-3381709700"
  >
    Some content
  </div>
</div>
`;
